]11;?\[6n→ Checking project
✓ Project checked
  [debug] connecting to control plane
  [debug] control plane session ready
→ Finding a machine
  [debug] search gpu=RTX 5090 max=$2.00
  [debug] no matching machine; retrying attempt=1
  [debug] no matching machine; retrying attempt=2
  [debug] no matching machine; retrying attempt=3
  [debug] no matching machine; retrying attempt=4
  [debug] no matching machine; retrying attempt=5
  [debug] no matching machine; retrying attempt=6
  [debug] no matching machine; retrying attempt=7
  [debug] no matching machine; retrying attempt=8
  [debug] no matching machine; retrying attempt=9
✓ Machine selected · RTX 5090 32GB · 100 GB disk · $1.004/hour
  [debug] offer selected gpu=RTX 5090 32GB count=1 $1.004/hr total
→ Starting the machine
  [debug] start attempt=10
^C  [debug] machine start outcome unconfirmed request=[redacted] context canceled
✗ Machine start could not be confirmed. Check vkong instances before retrying; the machine may already be running.
