]11;?\[6n→ Checking project
✓ Project checked
  [debug] connecting to control plane
  [debug] control plane session ready
→ Finding a machine
  [debug] search gpu=RTX 5090 max=$2.00
  [debug] no matching machine; retrying attempt=1
  [debug] no matching machine; retrying attempt=2
  [debug] no matching machine; retrying attempt=3
  [debug] no matching machine; retrying attempt=4
  [debug] no matching machine; retrying attempt=5
  [debug] no matching machine; retrying attempt=6
  [debug] no matching machine; retrying attempt=7
  [debug] no matching machine; retrying attempt=8
  [debug] no matching machine; retrying attempt=9
  [debug] no matching machine; retrying attempt=10
✓ Machine selected · RTX 5090 32GB · 100 GB disk · $1.004/hour
  [debug] offer selected gpu=RTX 5090 32GB count=1 $1.004/hr total
→ Starting the machine
  [debug] start attempt=11
  [debug] selected machine unavailable; searching again: selected machine is no longer available
  [debug] no matching machine; retrying attempt=12
  [debug] no matching machine; retrying attempt=13
  [debug] no matching machine; retrying attempt=14
  [debug] no matching machine; retrying attempt=15
  [debug] machine search unavailable; retrying: context deadline exceeded
✗ Could not reach machine search. Check your connection and retry; no machine was rented. Increasing the price will not fix this error.
